// Jest Snapshot v1, https://goo.gl/fbAQLP

exports[`GET /account/log/{accountId} 1`] = `
Object {
  "accountId": 16,
  "transactionDate": Any<String>,
  "transactionId": 45,
  "value": Any<String>,
}
`;
